%!Adobe-FontList 1.22
%Locale:0x412

%BeginFont
Handler:DirectoryHandler
FontType:Invalid
OutlineFileName:G:\내 드라이브\이젠아카데미(~3 15\포트폴리오\포트폴리오과정\포트폴리오\Font\LINESeedKR-Bd.woff
FileModTime:1719383662
%EndFont

%BeginFont
Handler:DirectoryHandler
FontType:Invalid
OutlineFileName:G:\내 드라이브\이젠아카데미(~3 15\포트폴리오\포트폴리오과정\포트폴리오\Font\LINESeedKR-Rg.woff
FileModTime:1719383662
%EndFont

%BeginFont
Handler:DirectoryHandler
FontType:Invalid
OutlineFileName:G:\내 드라이브\이젠아카데미(~3 15\포트폴리오\포트폴리오과정\포트폴리오\Font\LINESeedKR-Th.woff
FileModTime:1719383662
%EndFont

%BeginFont
Handler:DirectoryHandler
FontType:Invalid
OutlineFileName:G:\내 드라이브\이젠아카데미(~3 15\포트폴리오\포트폴리오과정\포트폴리오\Font\SEBANG Gothic Bold.woff
FileModTime:1719385116
%EndFont

%BeginFont
Handler:DirectoryHandler
FontType:Invalid
OutlineFileName:G:\내 드라이브\이젠아카데미(~3 15\포트폴리오\포트폴리오과정\포트폴리오\Font\SEBANG Gothic.woff
FileModTime:1719385123
%EndFont

%BeginFont
Handler:DirectoryHandler
FontType:Invalid
OutlineFileName:G:\내 드라이브\이젠아카데미(~3 15\포트폴리오\포트폴리오과정\포트폴리오\Font\SansitaOne.woff
FileModTime:1721359605
%EndFont

